// Jest Snapshot v1, https://goo.gl/fbAQLP

exports[`Pruebas en SearchScreen debe mostrarse correctamente con valores por defecto 1`] = `
<div
  className="row mt-5"
>
  <div
    className="col-md-5"
  >
    <h4>
      Búscar heroe
    </h4>
    <hr />
    <form
      onSubmit={[Function]}
    >
      <input
        autoComplete="off"
        className="form-control"
        name="searchText"
        onChange={[Function]}
        placeholder="Heroe de interes "
        type="text"
        value=""
      />
      <button
        className="btn btn-outline-primary mt-3"
        onChange={[Function]}
        type="submit"
      >
        Buscar
      </button>
    </form>
  </div>
  <div
    className="col-md-7"
  >
    <h4>
      Resultados
    </h4>
    <hr />
    <div
      className="alert alert-info"
    >
      Esperando búsqueda
    </div>
  </div>
</div>
`;
