// Jest Snapshot v1, https://goo.gl/fbAQLP

exports[`Pruebas en <ToDoApp /> debe de mostrarse correctamente 1`] = `
<div>
  <h1>
    To do list App ( 
    0
     )
  </h1>
  <hr />
  <div
    className="row"
  >
    <div
      className="col-md-6"
    >
      <ToDoList
        handleDelete={[Function]}
        handleToggle={[Function]}
        tareas={Array []}
      />
    </div>
    <div
      className="col-md-6"
    >
      <ToDoAdd
        handleAddToDo={[Function]}
      />
    </div>
  </div>
</div>
`;
