// Jest Snapshot v1, https://goo.gl/fbAQLP

exports[`Pruebas en <PrimeraApp/> Debe de mostrar <PrimeraApp/> correctamente 1`] = `
<Fragment>
  <h1>
     
    Hola
     
  </h1>
  <p>
    ya es martes
  </p>
</Fragment>
`;
